// Jest Snapshot v1, https://goo.gl/fbAQLP

exports[`renders correctly 1`] = `
<div
  style={
    Object {
      "backgroundColor": "blue",
      "display": "inline-block",
      "height": "12px",
      "left": 5,
      "marginBottom": 0,
      "marginTop": 0,
      "position": "absolute",
      "width": "2px",
      "zIndex": 1,
    }
  }
/>
`;
